[launch] dev OS compatibility preflight: /Users/kanghyunmin/Desktop/uuv_sim/uuv_mujoco/v2.2/tools/check_dev_os_compat.py
PASS host_os: Darwin 25.5.0 (arm64)
PASS target_os: Darwin
PASS runtime_python: /Users/kanghyunmin/miniconda3/envs/ros2_h311/bin/python3.11
PASS python: /Users/kanghyunmin/miniconda3/envs/ros2_h311/bin/python3.11 3.11.15
PASS mujoco_import: mujoco 3.6.0
PASS mjpython_launcher: headless mode uses the selected Python launcher
PASS viewer_display: headless mode requested
PASS docker_cli: Docker version 29.2.0, build 0b9d198
PASS docker_compose: Docker Compose version v5.0.2
PASS docker_daemon: daemon reachable
PASS docker_host_gateway: compose maps host.docker.internal to host-gateway for Linux Docker
PASS ubuntu_migration_contract: not targeting Linux/Ubuntu
PASS active_runtime_alias: uuv_mujoco/current is the active runtime; v2.2 is only the compatibility backing directory
PASS runtime_scripts: launcher scripts present and executable
PASS runtime_runner_entrypoints: run_uuv_mujoco.py plus run_urdf_full.py compatibility wrapper present
PASS real_param_contract: real/SITL param source found
PASS ardupilot_tree: /Users/kanghyunmin/Desktop/uuv_sim/ardupilot
WARN ros2_env: ROS2 not sourced in current shell; GUI launcher may source its configured environment
{"fail": 0, "pass": 17, "warn": 1}
[launch] Running in headless mode (CGL rendering on macOS)
[launch] real start state: csv=/Users/kanghyunmin/Desktop/uuv_sim/uuv_mujoco/v2.2/debug/controller_parity_412/real_90s_feedback_source_servo_20260601/real_controller_feedback_20hz.csv, t=0.35s, base_xy=-0.386046529,1.149234533 (local_pose_xy), base_depth=0.367101461m (local_pose_z), depth_topic=0.304895397m (depth_pose_depth_m), rpy=0.005939196260905655,0.04827775111140913,1.323911428742061 (local_pose), body_v=0.35355047191210276,-0.0422101108658602,-0.025732869 (local_vel_xy_dvl_twist_z), body_w=-0.006176759,0.005677884,0.002804363 (imu_gyro_body)
[launch] real Bar30 contract: static_pressure=104809.997558594Pa, initial_surface=101748.23505492418Pa, real_gnd=101821.880271Pa (static_pressure_minus_depth_pose_depth_m_fit), sitl_gnd=101473.796875Pa, frontend_depth_at_start=0.30490992730550975m, json_depth_at_start=0.31237755464742845m
[launch] Starting MuJoCo UUV Simulation
[launch] Scene: tank_current_scene.xml
[launch] Fluid model: current
[launch] Python launcher: /Users/kanghyunmin/.venvs/mujoco311/bin/python
[launch] Source ROS2 environment for --ros2 topics.
[launch] ROS2 setup: /Users/kanghyunmin/miniconda3/envs/ros2_h311/setup.bash
[launch] ROS2 workspace setup: /Users/kanghyunmin/Desktop/uuv_sim/rospkg/install/setup.bash
[launch] Bridge:
  ROS2 Transport: enabled
    Input:  /cmd_vel (TwistStamped), /mavros/rc/override direct fallback
    Output: /imu/data, /dvl/velocity, /dvl/twist, /dvl/odometry, /dvl/altitude
            /dvl/data, /dvl/position, /depth, /depth/pose, /bar30/pressure_pa
            /rovio/odometry, /sim/odom, /tf, /tf_static, /robot_description
            /ping360/image, /ping360/scan_image, /ping360/scan, /ping360/scan_echo, /ping360/echo
    Debug:  /mujoco/ground_truth/pose
    MAVROS: full lightweight surface enabled
            /mavros/state, /mavros/imu/*, /mavros/local_position/*
            /mavros/vision_pose/pose, /mavros/battery, /mavros/rc/*

[launch] Simulation profile: current
[mode] UUV_RUN_MODE=plant_replay
[profile] using 'current' from /Users/kanghyunmin/Desktop/uuv_sim/uuv_mujoco/v2.2/config/sim_profiles.json
[profile] override buoyancy_scale=1.000
[profile] using thruster_voltage=20.0V from profile
[thruster perf] loaded curve 20.0V from /Users/kanghyunmin/Desktop/uuv_sim/uuv_mujoco/v2.2/config/thruster_performance.json (requested 20.0V)
[thruster perf] direct mode: raw PWM command -> T200 curve; profile polynomial shaping and thruster gain scaling bypassed
[physics] pool XY scale: UUV_POOL_XY_SCALE=4.000 (plant replay default avoids artificial wall contact)
[physics] MuJoCo fluid geom size scale applied: pattern='fluid_*_lower_body', count=2, scale_xyz=[1. 1. 1.]
[physics] MuJoCo fluid geom size scale applied: pattern='fluid_center_enclosure', count=1, scale_xyz=[1. 1. 1.]
[physics] MuJoCo fluidcoef scale applied: count=3, coeff=(blunt, slender, angular, Kutta, Magnus)=[1. 1. 1. 1. 1.]
[physics] MuJoCo fluidcoef per-geom scale applied: pattern='fluid_*_lower_body', count=2, geoms=fluid_port_lower_body, fluid_starboard_lower_body, coeff=(blunt, slender, angular, Kutta, Magnus)=[9.3   7.56  1.625 0.35  0.07 ]
[physics] MuJoCo fluidcoef per-geom scale applied: pattern='fluid_center_enclosure', count=1, geoms=fluid_center_enclosure, coeff=(blunt, slender, angular, Kutta, Magnus)=[5.853 8.024 3.9   0.16  0.04 ]
[runtime] initial depth set: 0.367 m with hold enabled
[runtime] initial horizontal position set: x=-0.3860 y=+1.1492 m
[runtime] initial attitude set: roll=+0.0059 pitch=+0.0483 yaw=+1.3239 rad
[runtime] real-start Bar30 pressure datum calibrated: surface=101815.372Pa bar30_depth=0.305m base_depth=0.367m pressure=104809.998Pa target=104809.998Pa
[sensor-rate] ROS/MAVROS surface rates: bar30=2Hz, depth=2Hz, imu_data=20Hz, imu_raw=2Hz, static_pressure=2Hz, atm_pressure=10Hz, dvl_twist=10Hz, dvl_position=4.45Hz, local_position=3Hz
[sensor] IMU accel source: mujoco_sensor
[sensor] ROS IMU accel surface calibration: scale=[1.0, 1.0, 0.913122455], bias=[0.0, 0.0, 0.0]
[sitl] vertical feedback contract: Bar30 depth + base_link/Pixhawk IMU (ekf_contract=althold_baro, dvl_rangefinder=False)
[sitl] AP_Baro JSON depth contract: frontend_match, surface=101815.372Pa, real_gnd=101821.880Pa, sitl_gnd=101473.797Pa
[sensor] Bar30 source: depth_pos, water_surface_z=0.000m
[ros2_bridge] dedicated executor spin thread enabled (timeout=0.005s)
[INFO] [1781483368.937127769] [uuv_mujoco_bridge]: ROS2 bridge active (lightweight real-robot interface, full MAVROS surface): /cmd_vel(TwistStamped), /imu/data, /dvl/*, /rovio/odometry, /sim/odom, /ping360/image, /ping360/scan_image, /ping360/scan, /ping360/scan_echo, /ping360/echo, /ping360/status, /ping360/config, /uuv_mujoco/sitl/command_override, /mavros/state, /mavros/imu/*, /mavros/vfr_hud, /mavros/local_position/*, /mavros/vision_pose/pose, /mavros/battery, /mavros/rc/in, /mavros/rc/out, /mavros/rc/override, /tf, /robot_description
[bridge] enabled: /cmd_vel(TwistStamped) -> control, /imu/data, /dvl/velocity, /dvl/twist, /dvl/odometry, /dvl/altitude, /dvl/data, /dvl/position, /depth, /depth/pose, /bar30/pressure_pa, /rovio/odometry, /mujoco/ground_truth/pose, /tf, /tf_static, /robot_description, /ping360/image, /ping360/scan_image, /ping360/scan, /ping360/scan_echo, /ping360/echo, /ping360/status, /ping360/config, /mavros/state, /mavros/imu/*, /mavros/vfr_hud, /mavros/local_position/pose, /mavros/local_position/velocity_local, /mavros/local_position/velocity_body, /mavros/local_position/velocity_body_cov, /mavros/local_position/odom, /mavros/vision_pose/pose, /mavros/battery, /mavros/rc/in, /mavros/rc/override, /mavros/setpoint_raw/local, /mavros/cmd/arming, /mavros/set_mode, /mavros/cmd/command
[runtime] initial depth hold service enabled: /mujoco/release_initial_depth_hold
[physics] fluid model: current MuJoCo built-in ellipsoid (rho=1000.0, viscosity=0.001000)
[physics] hydrodynamic contract: MuJoCo ellipsoid fluidcoef owns drag/lift; Python applies hydrostatic buoyancy/restoring torque and final thruster force only.
[runtime] Manual keyboard/joystick path removed. Use ROS2 /cmd_vel or SITL/QGC control.
[model] distributed body components: 3 parts, mass 15.000 -> 15.000 kg, CoM [-0.0015  0.      0.03  ] -> [-0.0044  0.     -0.0452], inertia [0.001 0.001 0.001] -> [0.412  1.1815 0.8948] (scale=[0.65 2.5  0.9 ])
[model]   component center_enclosure: mass=6.000kg, mass_pos=[-0.005  0.     0.01 ], buoyancy_pos=[-0.005  0.     0.06 ], share=0.200
[model]   component port_lower_body: mass=4.500kg, mass_pos=[-0.004  0.248 -0.082], buoyancy_pos=[-0.004  0.248  0.04 ], share=0.400
[model]   component starboard_lower_body: mass=4.500kg, mass_pos=[-0.004 -0.248 -0.082], buoyancy_pos=[-0.004 -0.248  0.04 ], share=0.400
[model] aligned CoB: x 0.0000 -> -0.0044 (offset=+0.0000), z 0.0320 -> 0.0048 (offset=+0.0500)
[physics] buoyancy application: distributed component model (3 components, source=body_components)
[physics] hydrostatic restoring stiffness: roll=83.000 pitch=83.000 N*m/rad trim_roll=+0.0000rad trim_pitch=+0.0000rad (separate from buoyancy force position)
[plant_replay] direct PWM thruster mode enabled: ch1->yaw_rf*-1, ch2->yaw_lf*-1, ch3->yaw_rr*+1, ch4->yaw_lr*+1, ch5->ver_rf*-1, ch6->ver_lf*+1, ch7->ver_rr*+1, ch8->ver_lr*-1, servo-scale=1.00
[thruster] profile direct gain scales: ver_lf=0.020, ver_lr=0.020, ver_rf=0.020, ver_rr=0.020, yaw_lf=1.000, yaw_lr=1.000, yaw_rf=1.000, yaw_rr=1.000
[thruster] dynamics: deadzone=0.002, tau_up=0.060s, tau_down=0.090s, reverse_asym=0.700, command_limit=1.000, reaction_tau_gain=0.0000, gain_scale_all=1.000, direct_gain_scale_all=1.000
[thruster perf] direct curve gain overrides: ver_lf=0.020, ver_lr=0.020, ver_rf=0.020, ver_rr=0.020
[thruster] yaw reverse asym override: yaw_lf=0.260, yaw_lr=1.500, yaw_rf=1.500, yaw_rr=0.260
[thruster] yaw dynamics override: yaw_lf=up1.100/down2.000s, yaw_lr=up1.100/down2.000s, yaw_rf=up1.100/down2.000s, yaw_rr=up1.100/down2.000s
[thruster] yaw torque scale: UUV_YAW_TORQUE_SCALE=3.8000
[thruster] per-yaw-thruster yaw torque scales: yaw_lf=3.800, yaw_lr=2.400, yaw_rf=2.400, yaw_rr=3.800
[physics] hydrodynamic vertical lift: coeff=+6500.0000, deadband=0.200m/s, power=4.000
[physics] yaw-rate heave coupling: pos_coeff=+48.0000, neg_coeff=+0.0000, speed_deadband=0.240m/s, yaw_deadband=0.100rad/s
[physics] heave extra damping: coeff=160.0000 N/(m/s)
[physics] Fossen residual hydro active: linear.y_v=+20.0000, linear.z_w=+18.0000, forward_speed_linear.n_v=-7.0000, forward_speed_linear.n_r=+4.5000, quadratic.y_abs_v_v=+80.0000, quadratic.n_abs_r_r=+2.4000, quadratic.z_abs_w_w=+60.0000, quadratic.n_abs_v_v=-16.0000, added_mass.x_u=+2.0000, added_mass.y_v=+2.5000, added_mass.n_r=+0.6000
[runtime] thruster loop rate: 400.0 Hz (physics dt=0.0020s)
[physics] buoyancy setup: scale=1.000, mass=15.000kg, rho=1000.0, neutral_volume=0.01500m^3, half_height=0.147, model=ellipsoid, slope_scale=1.20, water_surface_z=0.000
[physics] thruster immersion force scale: air_scale=0.000, half_height=0.045m
[physics] yaw torque scale: 3.800
[physics] hydrodynamics source: MuJoCo built-in ellipsoid fluidcoef only; Python 6DOF added_mass/linear_damping/quadratic_damping is inactive. Active knobs: hydrostatic buoyancy, CoB torque, thruster tuning, mujoco_fluidcoef_scale, mujoco_fluidcoef_geom_scales, and dynamic_fluidcoef.
[debug] thruster CSV: /Users/kanghyunmin/Desktop/uuv_sim/UUV-HAN/outputs/plant_contract_structure_v65_20260615/real_rcou_startvel_local_xy_dvl_z_buoy100_10s/thruster_debug.csv
[runtime] headless mode enabled: running without GLFW viewer
[runtime] real start state OK: base_link_depth_error=+0.0000m pressure_error=-0.00Pa xy_error=0.0000m attitude_error=0.0000rad velocity_error=0.0000m/s
[ros2] replay RCOUT accepted via replay_rcout: count=1 pwm[1..8]=(1330, 1311, 1286, 1355, 1566, 1458, 1579, 1395)
[runtime] release velocity state set: linear=[ 0.3536 -0.0422 -0.0257] m/s, angular=[-0.0062  0.0057  0.0028] rad/s
[runtime] release velocity qvel check: linear_body=[ 0.3536 -0.0422 -0.0257] m/s, angular_body=[-0.0062  0.0057  0.0028] rad/s
[runtime] release actuator state seeded mode=current_target scale=1.000 vertical_scale=0.000 horizontal_scale=1.000 forward_scale=1.000 sway_scale=0.000 yaw_scale=0.000 explicit_thrusters=0
[runtime] release sensor snapshot published
[runtime] initial depth hold released (service)
[runtime] real start state released after OK
[ros2] replay RCOUT accepted via command_override_replay_rcout: count=293 pwm[1..8]=(1477, 1172, 1429, 1221, 1527, 1451, 1587, 1434)
[ros2] replay RCOUT accepted via replay_rcout: count=577 pwm[1..8]=(1343, 1313, 1274, 1382, 1565, 1460, 1581, 1392)
[ros2] replay RCOUT accepted via replay_rcout: count=861 pwm[1..8]=(1612, 1100, 1554, 1158, 1503, 1462, 1593, 1440)
Traceback (most recent call last):
  File "/Users/kanghyunmin/Desktop/uuv_sim/uuv_mujoco/v2.2/run_uuv_mujoco.py", line 113, in <module>
    main()
  File "/Users/kanghyunmin/Desktop/uuv_sim/uuv_mujoco/v2.2/run_uuv_mujoco.py", line 102, in main
    run_configured_simulation_loop(
  File "/Users/kanghyunmin/Desktop/uuv_sim/uuv_mujoco/v2.2/sim/runtime/runner_loop_setup.py", line 19, in run_configured_simulation_loop
    run_simulation_runtime_loop(
  File "/Users/kanghyunmin/Desktop/uuv_sim/uuv_mujoco/v2.2/sim/runtime/runtime_loop_entry.py", line 42, in run_simulation_runtime_loop
    run_headless_runtime(
  File "/Users/kanghyunmin/Desktop/uuv_sim/uuv_mujoco/v2.2/sim/runtime/runtime_loop_modes.py", line 21, in run_headless_runtime
    run_headless_loop(
  File "/Users/kanghyunmin/Desktop/uuv_sim/uuv_mujoco/v2.2/sim/runtime/headless_loop_runtime.py", line 22, in run_headless_loop
    run_step(is_paused)
  File "/Users/kanghyunmin/Desktop/uuv_sim/uuv_mujoco/v2.2/sim/runtime/simulation_step_runtime.py", line 24, in run_step
    return self.run_raw_pwm_step(is_paused, publish_ros, thruster_due, thruster_dt)
           ^^^^^^^^^^^^^^^^^^^^^^^^^^^^^^^^^^^^^^^^^^^^^^^^^^^^^^^^^^^^^^^^^^^^^^^^
  File "/Users/kanghyunmin/Desktop/uuv_sim/uuv_mujoco/v2.2/sim/runtime/simulation_step_runtime.py", line 45, in run_raw_pwm_step
    return run_raw_pwm_runtime_step(
           ^^^^^^^^^^^^^^^^^^^^^^^^^
  File "/Users/kanghyunmin/Desktop/uuv_sim/uuv_mujoco/v2.2/sim/runtime/simulation_step_raw_pwm.py", line 20, in run_raw_pwm_runtime_step
    apply_common_step_physics(
  File "/Users/kanghyunmin/Desktop/uuv_sim/uuv_mujoco/v2.2/sim/runtime/simulation_step_physics.py", line 16, in apply_common_step_physics
    owner.update_thruster_forces(thr_dt)
  File "/Users/kanghyunmin/Desktop/uuv_sim/uuv_mujoco/v2.2/sim/runtime/physics_step_thruster_callbacks.py", line 37, in update_thruster_forces
    thruster_actuator_runtime.update_forces(dt, base_id=base_id)
  File "/Users/kanghyunmin/Desktop/uuv_sim/uuv_mujoco/v2.2/sim/runtime/thruster_actuator_runtime.py", line 59, in update_forces
    update_thruster_forces(self, dt, base_id=base_id)
  File "/Users/kanghyunmin/Desktop/uuv_sim/uuv_mujoco/v2.2/sim/runtime/thruster_actuator_forces.py", line 23, in update_thruster_forces
    _update_one_thruster(
  File "/Users/kanghyunmin/Desktop/uuv_sim/uuv_mujoco/v2.2/sim/runtime/thruster_actuator_forces.py", line 52, in _update_one_thruster
    accumulate_thruster_wrench(
  File "/Users/kanghyunmin/Desktop/uuv_sim/uuv_mujoco/v2.2/sim/runtime/thruster_actuator_wrench.py", line 33, in accumulate_thruster_wrench
    tau_body = np.cross(r_body, fdir * force)
               ^^^^^^^^^^^^^^^^^^^^^^^^^^^^^^
  File "/Users/kanghyunmin/miniconda3/envs/ros2_h311/lib/python3.11/site-packages/numpy/core/numeric.py", line 1647, in cross
    multiply(a1, b2, out=cp0)
KeyboardInterrupt
